[app.sendcash.africa/index.html]
[app.sendcash.africa/css/public.e80629091b2fc3be9ece12ae2b8fc955.css]
[app.sendcash.africa/assets/fonts/EuclidCircularA/EuclidCircularA-Regular.otf]
[app.sendcash.africa/assets/fonts/EuclidCircularA/EuclidCircularA-Medium.otf]
[backblue.gif]
[fade.gif]
[index.html]
[app.sendcash.africa/assets/fonts/EuclidCircularA/EuclidCircularA-Semibold.otf]
[app.sendcash.africa/favicon.png]
[app.sendcash.africa/manifest.json]
[app.sendcash.africa/assets/icons/app/192x192.png]
[app.sendcash.africa/_next/static/css/b6c5e85a8fd6ee9a.css]
[app.sendcash.africa/_next/static/chunks/polyfills-c67a75d1b6f99dc8.js]
[app.sendcash.africa/_next/static/chunks/webpack-45c28e289a92590d.js]
[app.sendcash.africa/_next/static/chunks/framework-560765ab0625ba27.js]
[app.sendcash.africa/_next/static/chunks/main-7ff4f1ab6ad720fe.js]
[app.sendcash.africa/_next/static/chunks/pages/_app-6d80effd512243c6.js]
[app.sendcash.africa/_next/static/chunks/4231-a225d7420c690348.js]
[app.sendcash.africa/_next/static/chunks/4431-27f4285dfaa3addb.js]
[app.sendcash.africa/_next/static/chunks/458-24409e9fcb702c61.js]
[app.sendcash.africa/_next/static/chunks/461-6cbf63147eab20b1.js]
[app.sendcash.africa/_next/static/chunks/6518-aa0d8e5d84e456b1.js]
[app.sendcash.africa/_next/static/chunks/9954-4ce802cf7e9b94de.js]
[app.sendcash.africa/_next/static/chunks/9122-4c1ae72544374d9c.js]
[app.sendcash.africa/_next/static/chunks/7777-d598cc94dbb6d35b.js]
[app.sendcash.africa/_next/static/chunks/6872-90d3c2691b29627a.js]
[app.sendcash.africa/_next/static/chunks/pages/index-977effca78d02712.js]
[app.sendcash.africa/_next/static/TzUW36Nk-A0256exwv6Al/_buildManifest.js]
[app.sendcash.africa/_next/static/TzUW36Nk-A0256exwv6Al/_ssgManifest.js]
[app.sendcash.africa/auth/register.html]
[app.sendcash.africa/assets/icons/payment-link-sm.svg]
[app.sendcash.africa/virtual-account-in-nigeria.html]
[app.sendcash.africa/assets/icons/virtual-account-sm.svg]
[app.sendcash.africa/assets/icons/crypto-payment-sm.svg]
[app.sendcash.africa/assets/icons/card-payment-sm.svg]
[app.sendcash.africa/assets/icons/wallet-sm.svg]
[app.sendcash.africa/money-transfer-to-nigeria.html]
[app.sendcash.africa/receive-money-in-nigeria.html]
[app.sendcash.africa/auth/login.html]
[app.sendcash.africa/assets/images/toyfaces/small/toyface-2.png]
[app.sendcash.africa/assets/images/toyfaces/small/toyface-1.png]
[app.sendcash.africa/assets/images/toyfaces/small/toyface-3.png]
[app.sendcash.africa/assets/images/toyfaces/small/toyface-4.png]
[app.sendcash.africa/assets/images/toyfaces/small/toyface-5.png]
[app.sendcash.africa/assets/images/toyfaces/small/toyface-6.png]
[app.sendcash.africa/assets/icons/countries/nigeria.png]
[app.sendcash.africa/assets/icons/low-cost.png]
[app.sendcash.africa/assets/icons/card.svg]
[app.sendcash.africa/assets/icons/raised-fist.svg]
[app.sendcash.africa/assets/icons/printer.svg]
[app.sendcash.africa/assets/icons/money.svg]
[app.sendcash.africa/assets/images/app-previews/dashboard.png]
[app.sendcash.africa/assets/icons/link.svg]
[app.sendcash.africa/assets/icons/pushpin.svg]
[app.sendcash.africa/assets/images/app-previews/receive.png]
[app.sendcash.africa/cdn-cgi/l/email-protection.html]
[app.sendcash.africa/send-money-from-the-us-to-nigeria.html]
[app.sendcash.africa/send-money-from-the-uk-to-nigeria.html]
[app.sendcash.africa/terms.html]
[app.sendcash.africa/cdn-cgi/scripts/5c5dd728/cloudflare-static/email-decode.min.js]
[app.sendcash.africa/index.html]
[app.sendcash.africa/assets/images/virtual-card-icon.svg]
[app.sendcash.africa/assets/images/blue-modal-overlay.png]
[app.sendcash.africa/assets/images/wavy-lines.svg]
[app.sendcash.africa/assets/icons/addons.svg]
[app.sendcash.africa/css/public.e80629091b2fc3be9ece12ae2b8fc955.css]
[app.sendcash.africa/_next/static/css/b6c5e85a8fd6ee9a.css]
[app.sendcash.africa/css/app.5aef8de8e7e198f39342630e1c3a576d.css]
[app.sendcash.africa/css/desktop.5f9107d0f9fa140208ab7595f78ce495.css]
[app.sendcash.africa/auth/register.html]
[app.sendcash.africa/assets/icons/payment-link-sm.svg]
[app.sendcash.africa/_next/static/chunks/pages/auth/[page]-5592651533ae8ad4.js]
[app.sendcash.africa/_next/static/chunks/pages/virtual-account-in-nigeria-de089b6fc3a6ef78.js]
[app.sendcash.africa/assets/images/send-money.png]
[app.sendcash.africa/virtual-account-in-nigeria.html]
[app.sendcash.africa/assets/icons/virtual-account-sm.svg]
[app.sendcash.africa/assets/icons/crypto-payment-sm.svg]
[app.sendcash.africa/assets/icons/card-payment-sm.svg]
[app.sendcash.africa/assets/icons/wallet-sm.svg]
[app.sendcash.africa/assets/images/send-money2.png]
[app.sendcash.africa/_next/static/chunks/pages/money-transfer-to-nigeria-935854e6fdc9bb8f.js]
[app.sendcash.africa/assets/icons/sparkles.svg]
[app.sendcash.africa/money-transfer-to-nigeria.html]
[app.sendcash.africa/home.html]
[app.sendcash.africa/_next/static/chunks/pages/receive-money-in-nigeria-967160f9ff4759a5.js]
[app.sendcash.africa/assets/icons/dollar.svg]
[app.sendcash.africa/assets/icons/pound.svg]
[app.sendcash.africa/receive-money-in-nigeria.html]
[app.sendcash.africa/auth/login.html]
[app.sendcash.africa/assets/icons/card.svg]
[app.sendcash.africa/assets/icons/raised-fist.svg]
[app.sendcash.africa/assets/icons/printer.svg]
[app.sendcash.africa/assets/icons/money.svg]
[app.sendcash.africa/assets/icons/link.svg]
[app.sendcash.africa/assets/icons/pushpin.svg]
[app.sendcash.africa/cdn-cgi/l/email-protection.html]
[app.sendcash.africa/receive.html]
[app.sendcash.africa/_next/static/chunks/pages/send-money-from-the-us-to-nigeria-e00dad75e01ea76f.js]
[app.sendcash.africa/assets/icons/crypto.png]
[app.sendcash.africa/send-money-from-the-us-to-nigeria.html]
[app.sendcash.africa/_next/static/chunks/pages/send-money-from-the-uk-to-nigeria-4c0d410796d278f4.js]
[app.sendcash.africa/assets/images/app-previews/dashboard-gbp.png]
[app.sendcash.africa/send-money-from-the-uk-to-nigeria.html]
[app.sendcash.africa/terms.html]
[app.sendcash.africa/assets/images/virtual-card-icon.svg]
[app.sendcash.africa/assets/images/wavy-lines.svg]
[app.sendcash.africa/assets/icons/addons.svg]
[app.sendcash.africa/_next/static/chunks/pages/terms-f9f87737fa35d721.js]
[app.sendcash.africa/css/app.5aef8de8e7e198f39342630e1c3a576d.css]
[app.sendcash.africa/css/desktop.5f9107d0f9fa140208ab7595f78ce495.css]
[app.sendcash.africa/assets/icons/sparkles.svg]
[app.sendcash.africa/assets/images/callout-overlay.svg]
[app.sendcash.africa/_next/static/chunks/3222-cf8d9365e7684f29.js]
[app.sendcash.africa/_next/static/chunks/5555-29374308fd6f65f4.js]
[app.sendcash.africa/_next/static/chunks/7930-efdfe4bf71b20cca.js]
[app.sendcash.africa/_next/static/chunks/pages/home-f50b63d61001cecd.js]
[app.sendcash.africa/transactions.html]
[app.sendcash.africa/recipient.html]
[app.sendcash.africa/home.html]
[app.sendcash.africa/assets/icons/dollar.svg]
[app.sendcash.africa/assets/icons/pound.svg]
[app.sendcash.africa/settings.html]
[app.sendcash.africa/_next/static/chunks/pages/receive-ba3ee10494f0b137.js]
[app.sendcash.africa/receive/method.html]
[app.sendcash.africa/receive.html]
[app.sendcash.africa/assets/images/callout-overlay.svg]
[app.sendcash.africa/receive/payment-links.html]
[app.sendcash.africa/transactions.html]
[app.sendcash.africa/_next/static/chunks/pages/transactions/[[...id]]-adbd1f5a55b9c0f9.js]
[app.sendcash.africa/_next/static/chunks/5238-4ff6f9e04119b8c7.js]
[app.sendcash.africa/_next/static/chunks/453-5bc11e70ad514158.js]
[app.sendcash.africa/_next/static/chunks/pages/recipient-3ed4086daa5b170d.js]
[app.sendcash.africa/recipient.html]
[app.sendcash.africa/send/payment-method.html]
[app.sendcash.africa/settings.html]
[app.sendcash.africa/_next/static/chunks/pages/settings-5193edc9df3b86cf.js]
[app.sendcash.africa/_next/static/chunks/9124-57c80c5e49ff0dc1.js]
[app.sendcash.africa/receive/method.html]
[app.sendcash.africa/_next/static/chunks/pages/receive/method-beddeef4e1f994c5.js]
[app.sendcash.africa/_next/static/chunks/9936-877f393739c88baf.js]
[app.sendcash.africa/_next/static/chunks/3263-c63f852b845f23e3.js]
[app.sendcash.africa/_next/static/chunks/pages/receive/payment-links-b5bc6edaf7f77364.js]
[app.sendcash.africa/receive/payment-links.html]
[app.sendcash.africa/receive/add-account.html]
[app.sendcash.africa/_next/static/chunks/5861-d17643b5c769ab1d.js]
[app.sendcash.africa/_next/static/chunks/3401-05001302791f92e6.js]
[app.sendcash.africa/_next/static/chunks/7797-a7fcf9e9cba2b936.js]
[app.sendcash.africa/_next/static/chunks/pages/send/payment-method-21692f02544d945a.js]
[app.sendcash.africa/send/payment-method.html]
[app.sendcash.africa/send/recipient-details.html]
[app.sendcash.africa/receive/add-account.html]
[app.sendcash.africa/_next/static/chunks/pages/receive/add-account-3f711df6034c6eea.js]
[app.sendcash.africa/send/recipient-details.html]
[app.sendcash.africa/_next/static/chunks/pages/send/recipient-details-9dc81a6dfa3c2bce.js]
